---
source: src/main.rs
expression: msg
---
"--background flag is only available for syntect printer since bat does not support painting background colors"
