---
source: src/main.rs
expression: msg
---
"--custom-assets flag is only available for bat printer"
