---
source: src/main.rs
expression: msg
---
"Too small value at --term-width option (1 < 10)"
