---
source: src/main.rs
expression: msg
---
"Could not parse \"tab\" option value as unsigned integer -> invalid digit found in string"
