---
source: src/main.rs
expression: msg
---
"Could not parse \"min-context\" option value as unsigned integer -> invalid digit found in string"
