---
source: src/main.rs
expression: msg
---
"Could not parse --max-count option value as unsigned integer -> invalid digit found in string"
