---
source: src/main.rs
expression: msg
---
"Could not parse \"term-width\" option value as unsigned integer -> invalid digit found in string"
